'route' type mismatch, expected 'object', got 'undefined'.
