Usage: staticpages [options]

Options:
  -h, --help               Display help.
  -v, --version            Output the current cli version.
  -c, --config <file>      Load configuration from YAML or JSON file.
  --from <package>         Shorthand for --form.module; disables other --from.*
                           arguments. Usage is not recommended in production.
  --from.module <package>  The module to import from using node require().
  --from.export <name>     Name of the exports to be imported. Default: 'cli'.
                           If not found, falls back to the default export.
  --from.args.* <value>    Arguments passed to the reader factory method.
  --to <package>           Shorthand for --to.module; disables other --to.*
                           arguments. Usage is not recommended in production.
  --to.module <package>    The module to import from using node require().
  --to.export <name>       Name of the exports to be imported. Default: 'cli'.
                           If not found, falls back to the default export.
  --to.args.* <value>      Arguments passed to the writer factory method.
  --controller <package>   Shorthand for --controller.module; disables other
                           --controller.* arguments.
  --controller.module      Your custom controller that works on the page data.
  --controller.export      Name of the exports to be imported. Default: 'cli'.
  --variables.* <value>    Additional variables that will be accessible in the
                           controller's context (this.<variable>).
