OUTPUT BEGIN --
{
    "source": "page2.json",
    "foo": "baz",
    "addedPropertyByController": true
}
OUTPUT END ---