OUTPUT --
{
    "source": "page1.json",
    "foo": "bar"
}
OUTPUT ---