OUTPUT --
{
    "source": "page2.json",
    "foo": "baz"
}
OUTPUT ---