'to' type mismatch, expected 'object' or 'string', got 'undefined'.
