'route.from' type mismatch, expected 'object', 'string', got 'undefined'.
