Configuration file does not exists: config/13-nonexistent-config.yaml
