OUTPUT BEGIN --
{
    "source": "page3.json",
    "foo": "baz",
    "bar": "foobar"
}
OUTPUT END ---