OUTPUT BEGIN --
{
    "source": "page1.json",
    "foo": "bar"
}
OUTPUT END ---