OUTPUT BEGIN --
{
    "source": "page1.json",
    "foo": "bar",
    "addedPropertyByController": true
}
OUTPUT END ---